// Jest Snapshot v1, https://goo.gl/fbAQLP

exports[`should render ExpenseListItem correctly 1`] = `
<div>
  <Link
    to="/edit/1"
  >
    <h3>
      Desc: 
      Gas
    </h3>
  </Link>
  <p>
    Amount: 
    900
     
  </p>
  <p>
    Created:
    0
  </p>
</div>
`;
